exports[`Component: LoadingScreen should render correctly 1`] = `
<div>
  <p>
    Loading ...
  </p>
</div>
`;
